# GERAL — acertividade (%) por modelo × (parte, H, var)

(parte,H,var)    | M1         | M2         | M3        
p0 H=1h od       | 97.89      | 98.82      | 99.23     
p0 H=1h ph       | 99.85      | 99.89      | 99.69     
p0 H=6h od       | 96.21      | 96.72      | 96.26     
p0 H=6h ph       | 99.78      | 99.75      | 99.68     
p0 H=24h od      | 96.66      | 92.57      | 93.67     
p0 H=24h ph      | 99.36      | 99.61      | 99.60     
p1 H=1h od       | -          | -          | -         
p1 H=1h ph       | -          | -          | -         
p1 H=6h od       | -          | -          | -         
p1 H=6h ph       | -          | -          | -         
p1 H=24h od      | -          | -          | -         
p1 H=24h ph      | -          | -          | -         
p2 H=1h od       | -          | -          | -         
p2 H=1h ph       | -          | -          | -         
p2 H=6h od       | -          | -          | -         
p2 H=6h ph       | -          | -          | -         
p2 H=24h od      | -          | -          | -         
p2 H=24h ph      | -          | -          | -         
p3 H=1h od       | 99.11      | 99.54      | 99.81     
p3 H=1h ph       | 99.82      | 99.75      | 99.74     
p3 H=6h od       | 99.02      | 98.27      | 99.70     
p3 H=6h ph       | 99.67      | 99.69      | 99.48     
p3 H=24h od      | 85.89      | 82.77      | 84.37     
p3 H=24h ph      | -          | -          | -         
p4 H=1h od       | -          | -          | -         
p4 H=1h ph       | -          | -          | -         
p4 H=6h od       | -          | -          | -         
p4 H=6h ph       | -          | -          | -         
p4 H=24h od      | -          | -          | -         
p4 H=24h ph      | -          | -          | -         
p5 H=1h od       | -          | -          | -         
p5 H=1h ph       | -          | -          | -         
p5 H=6h od       | 98.81      | 99.32      | 99.78     
p5 H=6h ph       | -          | -          | -         
p5 H=24h od      | 95.92      | 95.82      | 96.73     
p5 H=24h ph      | -          | -          | -         
p6 H=1h od       | -          | -          | -         
p6 H=1h ph       | -          | -          | -         
p6 H=6h od       | -          | -          | -         
p6 H=6h ph       | -          | -          | -         
p6 H=24h od      | -          | -          | -         
p6 H=24h ph      | -          | -          | -         
p7 H=1h od       | 97.13      | 99.15      | 99.51     
p7 H=1h ph       | 99.43      | 99.62      | 99.56     
p7 H=6h od       | 97.67      | 96.89      | 97.92     
p7 H=6h ph       | 99.57      | 99.66      | 99.58     
p7 H=24h od      | 95.18      | 98.23      | 94.84     
p7 H=24h ph      | 99.44      | 99.52      | 99.32     

# ---- ranking (média macro de acertividade, por H/var) ----
H=1h ph: M2 99.76% > M1 99.70% > M3 99.67%
H=1h od: M3 99.52% > M2 99.17% > M1 98.04%
H=6h ph: M2 99.70% > M1 99.67% > M3 99.58%
H=6h od: M3 98.42% > M1 97.93% > M2 97.80%
H=24h ph: M2 99.57% > M3 99.46% > M1 99.40%
H=24h od: M1 93.41% > M3 92.40% > M2 92.35%
