# M1 — 2026-09-17 21:27 — 8 partes pontuáveis
# dados.csv: 2026-01-01 20:00:00 → 2026-09-17 20:00:00
# self-check 400 csv-lixo: 400 (esperado 400)
parte 0 H=1h ph: MAE=0.0091 RMSE=0.0114 MAPE=0.15% acert=99.85%
parte 0 H=1h od: MAE=0.0671 RMSE=0.0736 MAPE=2.11% acert=97.89%
parte 0 H=6h ph: MAE=0.0138 RMSE=0.0179 MAPE=0.22% acert=99.78%
parte 0 H=6h od: MAE=0.1242 RMSE=0.1462 MAPE=3.79% acert=96.21%
parte 0 H=24h ph: MAE=0.0400 RMSE=0.0497 MAPE=0.64% acert=99.36%
parte 0 H=24h od: MAE=0.1109 RMSE=0.1380 MAPE=3.34% acert=96.66%
parte 1 H=1h ph: SEM_COBERTURA (422)
parte 1 H=1h od: SEM_COBERTURA (422)
parte 1 H=6h ph: SEM_COBERTURA (422)
parte 1 H=6h od: SEM_COBERTURA (422)
parte 1 H=24h ph: SEM_COBERTURA (422)
parte 1 H=24h od: SEM_COBERTURA (422)
parte 2 H=1h ph: SEM_COBERTURA (422)
parte 2 H=1h od: SEM_COBERTURA (422)
parte 2 H=6h ph: SEM_COBERTURA (422)
parte 2 H=6h od: SEM_COBERTURA (422)
parte 2 H=24h ph: SEM_COBERTURA (422)
parte 2 H=24h od: SEM_COBERTURA (422)
parte 3 H=1h ph: MAE=0.0101 RMSE=0.0141 MAPE=0.18% acert=99.82%
parte 3 H=1h od: MAE=0.0470 RMSE=0.0552 MAPE=0.89% acert=99.11%
parte 3 H=6h ph: MAE=0.0185 RMSE=0.0226 MAPE=0.33% acert=99.67%
parte 3 H=6h od: MAE=0.0501 RMSE=0.0650 MAPE=0.98% acert=99.02%
parte 3 H=24h ph: HOLDOUT_COM_FALTA
parte 3 H=24h od: MAE=0.4556 RMSE=0.6790 MAPE=14.11% acert=85.89%
parte 4 H=1h ph: SEM_COBERTURA (422)
parte 4 H=1h od: SEM_COBERTURA (422)
parte 4 H=6h ph: SEM_COBERTURA (422)
parte 4 H=6h od: SEM_COBERTURA (422)
parte 4 H=24h ph: SEM_COBERTURA (422)
parte 4 H=24h od: SEM_COBERTURA (422)
parte 5 H=1h ph: SEM_COBERTURA (422)
parte 5 H=1h od: SEM_COBERTURA (422)
parte 5 H=6h ph: HOLDOUT_COM_FALTA
parte 5 H=6h od: MAE=0.0776 RMSE=0.0925 MAPE=1.19% acert=98.81%
parte 5 H=24h ph: HOLDOUT_COM_FALTA
parte 5 H=24h od: MAE=0.2800 RMSE=0.3265 MAPE=4.08% acert=95.92%
parte 6 H=1h ph: SEM_COBERTURA (422)
parte 6 H=1h od: SEM_COBERTURA (422)
parte 6 H=6h ph: SEM_COBERTURA (422)
parte 6 H=6h od: SEM_COBERTURA (422)
parte 6 H=24h ph: SEM_COBERTURA (422)
parte 6 H=24h od: SEM_COBERTURA (422)
parte 7 H=1h ph: MAE=0.0355 RMSE=0.0413 MAPE=0.57% acert=99.43%
parte 7 H=1h od: MAE=0.1945 RMSE=0.1964 MAPE=2.87% acert=97.13%
parte 7 H=6h ph: MAE=0.0264 RMSE=0.0368 MAPE=0.43% acert=99.57%
parte 7 H=6h od: MAE=0.1476 RMSE=0.1575 MAPE=2.33% acert=97.67%
parte 7 H=24h ph: MAE=0.0348 RMSE=0.0414 MAPE=0.56% acert=99.44%
parte 7 H=24h od: MAE=0.3002 RMSE=0.3139 MAPE=4.82% acert=95.18%
# smoke parte final H=24h ph: 200 (esperado 200)
# ---- totais (média macro, só pontuáveis) ----
H=1h ph: n=3 MAE=0.0182 MAPE=0.30% acert=99.70%
H=1h od: n=3 MAE=0.1029 MAPE=1.96% acert=98.04%
H=6h ph: n=3 MAE=0.0196 MAPE=0.33% acert=99.67%
H=6h od: n=4 MAE=0.0999 MAPE=2.07% acert=97.93%
H=24h ph: n=2 MAE=0.0374 MAPE=0.60% acert=99.40%
H=24h od: n=4 MAE=0.2867 MAPE=6.59% acert=93.41%
