# M2 — 2026-09-17 21:27 — 8 partes pontuáveis
# dados.csv: 2026-01-01 20:00:00 → 2026-09-17 20:00:00
# self-check 400 csv-lixo: 400 (esperado 400)
parte 0 H=1h ph: MAE=0.0068 RMSE=0.0080 MAPE=0.11% acert=99.89%
parte 0 H=1h od: MAE=0.0374 RMSE=0.0403 MAPE=1.18% acert=98.82%
parte 0 H=6h ph: MAE=0.0159 RMSE=0.0181 MAPE=0.25% acert=99.75%
parte 0 H=6h od: MAE=0.1075 RMSE=0.1169 MAPE=3.28% acert=96.72%
parte 0 H=24h ph: MAE=0.0243 RMSE=0.0347 MAPE=0.39% acert=99.61%
parte 0 H=24h od: MAE=0.2452 RMSE=0.2741 MAPE=7.43% acert=92.57%
parte 1 H=1h ph: SEM_COBERTURA (422)
parte 1 H=1h od: SEM_COBERTURA (422)
parte 1 H=6h ph: SEM_COBERTURA (422)
parte 1 H=6h od: SEM_COBERTURA (422)
parte 1 H=24h ph: SEM_COBERTURA (422)
parte 1 H=24h od: SEM_COBERTURA (422)
parte 2 H=1h ph: SEM_COBERTURA (422)
parte 2 H=1h od: SEM_COBERTURA (422)
parte 2 H=6h ph: SEM_COBERTURA (422)
parte 2 H=6h od: SEM_COBERTURA (422)
parte 2 H=24h ph: SEM_COBERTURA (422)
parte 2 H=24h od: SEM_COBERTURA (422)
parte 3 H=1h ph: MAE=0.0139 RMSE=0.0166 MAPE=0.25% acert=99.75%
parte 3 H=1h od: MAE=0.0243 RMSE=0.0285 MAPE=0.46% acert=99.54%
parte 3 H=6h ph: MAE=0.0177 RMSE=0.0231 MAPE=0.31% acert=99.69%
parte 3 H=6h od: MAE=0.0883 RMSE=0.1002 MAPE=1.73% acert=98.27%
parte 3 H=24h ph: HOLDOUT_COM_FALTA
parte 3 H=24h od: MAE=0.5487 RMSE=0.8416 MAPE=17.23% acert=82.77%
parte 4 H=1h ph: SEM_COBERTURA (422)
parte 4 H=1h od: SEM_COBERTURA (422)
parte 4 H=6h ph: SEM_COBERTURA (422)
parte 4 H=6h od: SEM_COBERTURA (422)
parte 4 H=24h ph: SEM_COBERTURA (422)
parte 4 H=24h od: SEM_COBERTURA (422)
parte 5 H=1h ph: SEM_COBERTURA (422)
parte 5 H=1h od: SEM_COBERTURA (422)
parte 5 H=6h ph: HOLDOUT_COM_FALTA
parte 5 H=6h od: MAE=0.0441 RMSE=0.0500 MAPE=0.68% acert=99.32%
parte 5 H=24h ph: HOLDOUT_COM_FALTA
parte 5 H=24h od: MAE=0.2864 RMSE=0.3303 MAPE=4.18% acert=95.82%
parte 6 H=1h ph: SEM_COBERTURA (422)
parte 6 H=1h od: SEM_COBERTURA (422)
parte 6 H=6h ph: SEM_COBERTURA (422)
parte 6 H=6h od: SEM_COBERTURA (422)
parte 6 H=24h ph: SEM_COBERTURA (422)
parte 6 H=24h od: SEM_COBERTURA (422)
parte 7 H=1h ph: MAE=0.0234 RMSE=0.0341 MAPE=0.38% acert=99.62%
parte 7 H=1h od: MAE=0.0577 RMSE=0.0579 MAPE=0.85% acert=99.15%
parte 7 H=6h ph: MAE=0.0212 RMSE=0.0322 MAPE=0.34% acert=99.66%
parte 7 H=6h od: MAE=0.1974 RMSE=0.1983 MAPE=3.11% acert=96.89%
parte 7 H=24h ph: MAE=0.0295 RMSE=0.0419 MAPE=0.48% acert=99.52%
parte 7 H=24h od: MAE=0.1156 RMSE=0.1408 MAPE=1.77% acert=98.23%
# smoke parte final H=24h ph: 200 (esperado 200)
# ---- totais (média macro, só pontuáveis) ----
H=1h ph: n=3 MAE=0.0147 MAPE=0.24% acert=99.76%
H=1h od: n=3 MAE=0.0398 MAPE=0.83% acert=99.17%
H=6h ph: n=3 MAE=0.0183 MAPE=0.30% acert=99.70%
H=6h od: n=4 MAE=0.1093 MAPE=2.20% acert=97.80%
H=24h ph: n=2 MAE=0.0269 MAPE=0.43% acert=99.57%
H=24h od: n=4 MAE=0.2990 MAPE=7.65% acert=92.35%
