# M3 — 2026-09-17 21:27 — 8 partes pontuáveis
# dados.csv: 2026-01-01 20:00:00 → 2026-09-17 20:00:00
# self-check 400 csv-lixo: 400 (esperado 400)
parte 0 H=1h ph: MAE=0.0191 RMSE=0.0205 MAPE=0.31% acert=99.69%
parte 0 H=1h od: MAE=0.0244 RMSE=0.0304 MAPE=0.77% acert=99.23%
parte 0 H=6h ph: MAE=0.0198 RMSE=0.0231 MAPE=0.32% acert=99.68%
parte 0 H=6h od: MAE=0.1215 RMSE=0.1447 MAPE=3.74% acert=96.26%
parte 0 H=24h ph: MAE=0.0249 RMSE=0.0324 MAPE=0.40% acert=99.60%
parte 0 H=24h od: MAE=0.2079 RMSE=0.2312 MAPE=6.33% acert=93.67%
parte 1 H=1h ph: SEM_COBERTURA (422)
parte 1 H=1h od: SEM_COBERTURA (422)
parte 1 H=6h ph: SEM_COBERTURA (422)
parte 1 H=6h od: SEM_COBERTURA (422)
parte 1 H=24h ph: SEM_COBERTURA (422)
parte 1 H=24h od: SEM_COBERTURA (422)
parte 2 H=1h ph: SEM_COBERTURA (422)
parte 2 H=1h od: SEM_COBERTURA (422)
parte 2 H=6h ph: SEM_COBERTURA (422)
parte 2 H=6h od: SEM_COBERTURA (422)
parte 2 H=24h ph: SEM_COBERTURA (422)
parte 2 H=24h od: SEM_COBERTURA (422)
parte 3 H=1h ph: MAE=0.0146 RMSE=0.0169 MAPE=0.26% acert=99.74%
parte 3 H=1h od: MAE=0.0100 RMSE=0.0107 MAPE=0.19% acert=99.81%
parte 3 H=6h ph: MAE=0.0294 RMSE=0.0348 MAPE=0.52% acert=99.48%
parte 3 H=6h od: MAE=0.0153 RMSE=0.0186 MAPE=0.30% acert=99.70%
parte 3 H=24h ph: HOLDOUT_COM_FALTA
parte 3 H=24h od: MAE=0.5094 RMSE=0.7432 MAPE=15.63% acert=84.37%
parte 4 H=1h ph: SEM_COBERTURA (422)
parte 4 H=1h od: SEM_COBERTURA (422)
parte 4 H=6h ph: SEM_COBERTURA (422)
parte 4 H=6h od: SEM_COBERTURA (422)
parte 4 H=24h ph: SEM_COBERTURA (422)
parte 4 H=24h od: SEM_COBERTURA (422)
parte 5 H=1h ph: SEM_COBERTURA (422)
parte 5 H=1h od: SEM_COBERTURA (422)
parte 5 H=6h ph: HOLDOUT_COM_FALTA
parte 5 H=6h od: MAE=0.0143 RMSE=0.0184 MAPE=0.22% acert=99.78%
parte 5 H=24h ph: HOLDOUT_COM_FALTA
parte 5 H=24h od: MAE=0.2249 RMSE=0.2704 MAPE=3.27% acert=96.73%
parte 6 H=1h ph: SEM_COBERTURA (422)
parte 6 H=1h od: SEM_COBERTURA (422)
parte 6 H=6h ph: SEM_COBERTURA (422)
parte 6 H=6h od: SEM_COBERTURA (422)
parte 6 H=24h ph: SEM_COBERTURA (422)
parte 6 H=24h od: SEM_COBERTURA (422)
parte 7 H=1h ph: MAE=0.0272 RMSE=0.0341 MAPE=0.44% acert=99.56%
parte 7 H=1h od: MAE=0.0332 RMSE=0.0348 MAPE=0.49% acert=99.51%
parte 7 H=6h ph: MAE=0.0260 RMSE=0.0332 MAPE=0.42% acert=99.58%
parte 7 H=6h od: MAE=0.1318 RMSE=0.1337 MAPE=2.08% acert=97.92%
parte 7 H=24h ph: MAE=0.0423 RMSE=0.0479 MAPE=0.68% acert=99.32%
parte 7 H=24h od: MAE=0.3276 RMSE=0.3385 MAPE=5.16% acert=94.84%
# smoke parte final H=24h ph: 200 (esperado 200)
# ---- totais (média macro, só pontuáveis) ----
H=1h ph: n=3 MAE=0.0203 MAPE=0.33% acert=99.67%
H=1h od: n=3 MAE=0.0225 MAPE=0.48% acert=99.52%
H=6h ph: n=3 MAE=0.0251 MAPE=0.42% acert=99.58%
H=6h od: n=4 MAE=0.0708 MAPE=1.58% acert=98.42%
H=24h ph: n=2 MAE=0.0336 MAPE=0.54% acert=99.46%
H=24h od: n=4 MAE=0.3175 MAPE=7.60% acert=92.40%
